python : System check identified some issues:
At line:1 char:1
+ python manage.py dumpdata --indent 2 > db.json 2> errors.txt
+ ~~~~~~~~~~~~~~~~~~~~~~~~~~~~~~~~~~~~~~~~~~~~~~~~~~~~~~~~~~~~
    + CategoryInfo          : NotSpecified: (System check identified some issues::String) [], RemoteException
    + FullyQualifiedErrorId : NativeCommandError
 

WARNINGS:
?: (urls.W005) URL namespace 'admin' isn't unique. You may not be able to reverse all URLs in this namespace
CommandError: Unable to serialize database: 'charmap' codec can't encode character '\u20b9' in position 27: character maps to <undefined>
Exception ignored in: <generator object cursor_iter at 0x00000208C7812570>
Traceback (most recent call last):
  File "C:\Users\fathi\Desktop\Restaurant\venv\Lib\site-packages\django\db\models\sql\compiler.py", line 2174, in cursor_iter
    cursor.close()
sqlite3.ProgrammingError: Cannot operate on a closed database.
